// Jest Snapshot v1, https://goo.gl/fbAQLP

exports[`Section Component Renders without crashing 1`] = `ShallowWrapper {}`;
