// Jest Snapshot v1, https://goo.gl/fbAQLP

exports[`Google Map Container Component Renders without crashing 1`] = `ShallowWrapper {}`;
