// Jest Snapshot v1, https://goo.gl/fbAQLP

exports[`Rating Star Bar Component Renders without crashing 1`] = `ShallowWrapper {}`;
