// Jest Snapshot v1, https://goo.gl/fbAQLP

exports[`Side Bar Header Component Renders without crashing 1`] = `ShallowWrapper {}`;
