// Jest Snapshot v1, https://goo.gl/fbAQLP

exports[`App Component Expect component to match with snapshot 1`] = `ShallowWrapper {}`;
