// Jest Snapshot v1, https://goo.gl/fbAQLP

exports[`Location Button Component Renders component without crashing 1`] = `ShallowWrapper {}`;
